#-----------------------------------------------------------
# Vivado v2019.1 (64-bit)
# SW Build 2552052 on Fri May 24 14:49:42 MDT 2019
# IP Build 2548770 on Fri May 24 18:01:18 MDT 2019
# Start of session at: Thu Apr  7 16:57:35 2022
# Process ID: 3468
# Current directory: C:/Users/Elwin/Downloads/GameBesje.xpr/GameBesje
# Command line: vivado.exe -gui_launcher_event rodinguilauncherevent6684 C:\Users\Elwin\Downloads\GameBesje.xpr\GameBesje\GameBesje.xpr
# Log file: C:/Users/Elwin/Downloads/GameBesje.xpr/GameBesje/vivado.log
# Journal file: C:/Users/Elwin/Downloads/GameBesje.xpr/GameBesje\vivado.jou
#-----------------------------------------------------------
start_gui
open_project C:/Users/Elwin/Downloads/GameBesje.xpr/GameBesje/GameBesje.xpr
update_compile_order -fileset sources_1
synth_design -rtl -name rtl_1
synth_design -rtl -name rtl_1
set_property IOSTANDARD LVCMOS33 [get_ports [list clk]]
set_property IOSTANDARD LVCMOS33 [get_ports [list enArrayLED]]
place_ports enArrayLED P1
save_constraints
reset_run synth_1
launch_runs impl_1 -to_step write_bitstream -jobs 4
wait_on_run impl_1
close_design
open_run impl_1
file copy -force C:/Users/Elwin/Downloads/GameBesje.xpr/GameBesje/GameBesje.runs/impl_1/top.bit C:/Users/Elwin/Documents/GitHub/BESJ-Basys3/GameBesje/Old1.bit
reset_run synth_1
launch_runs impl_1 -to_step write_bitstream -jobs 4
wait_on_run impl_1
file copy -force C:/Users/Elwin/Downloads/GameBesje.xpr/GameBesje/GameBesje.runs/impl_1/top.bit C:/Users/Elwin/Documents/GitHub/BESJ-Basys3/GameBesje/Old2.bit
close_design
synth_design -rtl -name rtl_1
set_property IOSTANDARD LVCMOS33 [get_ports [list avLED]]
set_property IOSTANDARD LVCMOS33 [get_ports [list arrayStart]]
place_ports arrayStart K2
refresh_design
reset_run synth_1
launch_runs impl_1 -to_step write_bitstream -jobs 4
wait_on_run impl_1
reset_run impl_1 -prev_step 
launch_runs impl_1 -to_step write_bitstream -jobs 4
wait_on_run impl_1
close_design
open_run synth_1 -name synth_1
close_design
synth_design -rtl -name rtl_1
set_property IOSTANDARD LVCMOS33 [get_ports [list avLED]]
set_property IOSTANDARD LVCMOS33 [get_ports [list arrayStart]]
place_ports arrayStart K2
save_constraints
reset_run impl_1
launch_runs impl_1 -to_step write_bitstream -jobs 4
wait_on_run impl_1
open_run synth_1 -name synth_1
file copy -force C:/Users/Elwin/Downloads/GameBesje.xpr/GameBesje/GameBesje.runs/impl_1/top.bit C:/Users/Elwin/Documents/GitHub/BESJ-Basys3/GameBesje/clockPin1.bit
close_design
close_design
reset_run synth_1
launch_runs impl_1 -to_step write_bitstream -jobs 4
wait_on_run impl_1
reset_run synth_1
launch_runs impl_1 -to_step write_bitstream -jobs 4
wait_on_run impl_1
reset_run synth_1
launch_runs impl_1 -to_step write_bitstream -jobs 4
wait_on_run impl_1
open_run impl_1
file copy -force C:/Users/Elwin/Downloads/GameBesje.xpr/GameBesje/GameBesje.runs/impl_1/top.bit C:/Users/Elwin/Documents/GitHub/BESJ-Basys3/GameBesje/clockPin2.bit
archive_project C:/Users/Elwin/Downloads/GameBesje.xpr/GameBesje.xpr.zip -temp_dir C:/Users/Elwin/Downloads/GameBesje.xpr/GameBesje/.Xil/Vivado-3468-DESKTOP-2II8BHC -force -include_local_ip_cache -include_config_settings
